-- Found ament_cmake: 2.5.6 (/opt/ros/jazzy/share/ament_cmake/cmake)
-- Found ament_cmake_auto: 2.5.6 (/opt/ros/jazzy/share/ament_cmake_auto/cmake)
-- Found rosidl_generator_c: 4.6.9 (/opt/ros/jazzy/share/rosidl_generator_c/cmake)
-- Found rosidl_generator_cpp: 4.6.9 (/opt/ros/jazzy/share/rosidl_generator_cpp/cmake)
-- Using all available rosidl_typesupport_c: rosidl_typesupport_fastrtps_c;rosidl_typesupport_introspection_c
-- Using all available rosidl_typesupport_cpp: rosidl_typesupport_fastrtps_cpp;rosidl_typesupport_introspection_cpp
-- Found rmw_implementation_cmake: 7.3.3 (/opt/ros/jazzy/share/rmw_implementation_cmake/cmake)
-- Found rmw_cyclonedds_cpp: 2.2.3 (/opt/ros/jazzy/share/rmw_cyclonedds_cpp/cmake)
-- Using RMW implementation 'rmw_cyclonedds_cpp' as default
-- Found TinyXML2 via Config file: /usr/lib/x86_64-linux-gnu/cmake/tinyxml2
-- Found flann version 1.9.2
-- OpenNI found (version: 1.5.4.0, include: /usr/include/ni, lib: /usr/lib/libOpenNI.so;libusb::libusb)
-- OpenNI2 found (version: 2.2.0.33, include: /usr/include/openni2, lib: /usr/lib/x86_64-linux-gnu/libOpenNI2.so;libusb::libusb)
-- OpenNI found (version: 1.5.4.0, include: /usr/include/ni, lib: /usr/lib/libOpenNI.so;libusb::libusb)
-- OpenNI2 found (version: 2.2.0.33, include: /usr/include/openni2, lib: /usr/lib/x86_64-linux-gnu/libOpenNI2.so;libusb::libusb)
-- Found Qhull version 8.0.2
-- OpenNI found (version: 1.5.4.0, include: /usr/include/ni, lib: /usr/lib/libOpenNI.so;libusb::libusb)
-- Found eigen3_cmake_module: 0.3.1 (/opt/ros/jazzy/share/eigen3_cmake_module/cmake)
-- Ensuring Eigen3 include directory is part of orocos-kdl CMake target
-- Found PkgConfig: /usr/bin/pkg-config (found version "1.8.1") 
-- Checking for module 'tinyxml'
--   Found tinyxml, version 2.6.2
-- Found ament_lint_auto: 0.17.5 (/opt/ros/jazzy/share/ament_lint_auto/cmake)
-- Found python_cmake_module: 0.11.1 (/opt/ros/jazzy/share/python_cmake_module/cmake)
-- Found PythonExtra: /usr/bin/python3  
-- Configuring done (6.7s)
-- Generating done (0.3s)
-- Build files have been written to: /home/hl/wheeltec/wheeltec_ws/ar_track/ar_track_alvar/build/ar_track_alvar
[  4%] Building CXX object CMakeFiles/ar_track_alvar.dir/src/Bitset.cpp.o
[  2%] Building CXX object CMakeFiles/kinect_filtering.dir/src/kinect_filtering.cpp.o
[  6%] Building CXX object CMakeFiles/ar_track_alvar.dir/src/CaptureDevice.cpp.o
[  8%] Building CXX object CMakeFiles/ar_track_alvar.dir/src/Draw.cpp.o
[ 15%] Building CXX object CMakeFiles/ar_track_alvar.dir/src/CvTestbed.cpp.o
[ 15%] Building CXX object CMakeFiles/ar_track_alvar.dir/src/CaptureFactory.cpp.o
[ 15%] Building CXX object CMakeFiles/ar_track_alvar.dir/src/ConnectedComponents.cpp.o
[ 17%] Building CXX object CMakeFiles/ar_track_alvar.dir/src/DirectoryIterator_unix.cpp.o
[ 19%] Building CXX object CMakeFiles/ar_track_alvar.dir/src/DirectoryIterator.cpp.o
[ 21%] Building CXX object CMakeFiles/ar_track_alvar.dir/src/Camera.cpp.o
[ 23%] Building CXX object CMakeFiles/ar_track_alvar.dir/src/CaptureFactory_unix.cpp.o
[ 26%] Building CXX object CMakeFiles/ar_track_alvar.dir/src/Marker.cpp.o
[ 28%] Building CXX object CMakeFiles/ar_track_alvar.dir/src/Filter.cpp.o
[ 30%] Building CXX object CMakeFiles/ar_track_alvar.dir/src/Line.cpp.o
[ 32%] Building CXX object CMakeFiles/ar_track_alvar.dir/src/MultiMarker.cpp.o
[ 34%] Building CXX object CMakeFiles/ar_track_alvar.dir/src/MultiMarkerBundle.cpp.o
[ 36%] Building CXX object CMakeFiles/ar_track_alvar.dir/src/FileFormatUtils.cpp.o
[ 39%] Building CXX object CMakeFiles/ar_track_alvar.dir/src/Mutex.cpp.o
[ 41%] Building CXX object CMakeFiles/ar_track_alvar.dir/src/MultiMarkerInitializer.cpp.o
[ 43%] Building CXX object CMakeFiles/ar_track_alvar.dir/src/Kalman.cpp.o
[ 45%] Building CXX object CMakeFiles/ar_track_alvar.dir/src/Mutex_unix.cpp.o
[ 47%] Building CXX object CMakeFiles/ar_track_alvar.dir/src/Optimization.cpp.o
[ 50%] Building CXX object CMakeFiles/ar_track_alvar.dir/src/MarkerDetector.cpp.o
[ 52%] Building CXX object CMakeFiles/ar_track_alvar.dir/src/Plugin.cpp.o
[ 54%] Building CXX object CMakeFiles/ar_track_alvar.dir/src/Plugin_unix.cpp.o
[ 56%] Building CXX object CMakeFiles/ar_track_alvar.dir/src/Pose.cpp.o
[ 58%] Building CXX object CMakeFiles/ar_track_alvar.dir/src/Rotation.cpp.o
[ 60%] Building CXX object CMakeFiles/ar_track_alvar.dir/src/Threads.cpp.o
[ 63%] Building CXX object CMakeFiles/ar_track_alvar.dir/src/Threads_unix.cpp.o
[ 65%] Building CXX object CMakeFiles/ar_track_alvar.dir/src/Util.cpp.o
[ 67%] Linking CXX static library libkinect_filtering.a
[ 67%] Built target kinect_filtering
[ 69%] Linking CXX static library libar_track_alvar.a
[ 69%] Built target ar_track_alvar
[ 71%] Building CXX object CMakeFiles/medianFilter.dir/src/medianFilter.cpp.o
[ 73%] Building CXX object CMakeFiles/trainMarkerBundle.dir/nodes/TrainMarkerBundle.cpp.o
[ 76%] Building CXX object CMakeFiles/findMarkerBundlesNoKinect.dir/nodes/FindMarkerBundlesNoKinect.cpp.o
[ 78%] Building CXX object CMakeFiles/individualMarkersNoKinect.dir/nodes/IndividualMarkersNoKinect.cpp.o
[ 80%] Building CXX object CMakeFiles/createMarker.dir/src/SampleMarkerCreator.cpp.o
[ 82%] Building CXX object CMakeFiles/individualMarkers.dir/nodes/IndividualMarkers.cpp.o
[ 84%] Linking CXX static library libmedianFilter.a
[ 84%] Built target medianFilter
[ 86%] Building CXX object CMakeFiles/findMarkerBundles.dir/nodes/FindMarkerBundles.cpp.o
[ 89%] Linking CXX executable createMarker
[ 89%] Built target createMarker
