[0.208s] DEBUG:colcon:Command line arguments: ['/usr/bin/colcon', 'build']
[0.208s] DEBUG:colcon:Parsed command line arguments: Namespace(log_base=None, log_level=None, verb_name='build', build_base='build', install_base='install', merge_install=False, symlink_install=False, test_result_base=None, continue_on_error=False, executor='parallel', parallel_workers=24, event_handlers=None, ignore_user_meta=False, metas=['./colcon.meta'], base_paths=['.'], packages_ignore=None, packages_ignore_regex=None, paths=None, packages_up_to=None, packages_up_to_regex=None, packages_above=None, packages_above_and_dependencies=None, packages_above_depth=None, packages_select_by_dep=None, packages_skip_by_dep=None, packages_skip_up_to=None, packages_select_build_failed=False, packages_skip_build_finished=False, packages_select_test_failures=False, packages_skip_test_passed=False, packages_select=None, packages_skip=None, packages_select_regex=None, packages_skip_regex=None, packages_start=None, packages_end=None, allow_overriding=[], cmake_args=None, cmake_target=None, cmake_target_skip_unavailable=False, cmake_clean_cache=False, cmake_clean_first=False, cmake_force_configure=False, ament_cmake_args=None, catkin_cmake_args=None, catkin_skip_building_tests=False, mixin_files=None, mixin=None, verb_parser=<colcon_mixin.mixin.mixin_argument.MixinArgumentDecorator object at 0x74007160faa0>, verb_extension=<colcon_core.verb.build.BuildVerb object at 0x74007252f4a0>, main=<bound method BuildVerb.main of <colcon_core.verb.build.BuildVerb object at 0x74007252f4a0>>, mixin_verb=('build',))
[0.263s] Level 1:colcon.colcon_core.package_discovery:discover_packages(colcon_meta) check parameters
[0.264s] Level 1:colcon.colcon_core.package_discovery:discover_packages(recursive) check parameters
[0.264s] Level 1:colcon.colcon_core.package_discovery:discover_packages(ignore) check parameters
[0.264s] Level 1:colcon.colcon_core.package_discovery:discover_packages(path) check parameters
[0.264s] Level 1:colcon.colcon_core.package_discovery:discover_packages(colcon_meta) discover
[0.264s] Level 1:colcon.colcon_core.package_discovery:discover_packages(recursive) discover
[0.264s] INFO:colcon.colcon_core.package_discovery:Crawling recursively for packages in '/home/hl/wheeltec/wheeltec_ws/ar_track/ar_track_alvar'
[0.264s] Level 1:colcon.colcon_core.package_identification:_identify(.) by extensions ['ignore', 'ignore_ament_install']
[0.264s] Level 1:colcon.colcon_core.package_identification:_identify(.) by extension 'ignore'
[0.264s] Level 1:colcon.colcon_core.package_identification:_identify(.) by extension 'ignore_ament_install'
[0.264s] Level 1:colcon.colcon_core.package_identification:_identify(.) by extensions ['colcon_pkg']
[0.264s] Level 1:colcon.colcon_core.package_identification:_identify(.) by extension 'colcon_pkg'
[0.264s] Level 1:colcon.colcon_core.package_identification:_identify(.) by extensions ['colcon_meta']
[0.264s] Level 1:colcon.colcon_core.package_identification:_identify(.) by extension 'colcon_meta'
[0.265s] Level 1:colcon.colcon_core.package_identification:_identify(.) by extensions ['ros']
[0.265s] Level 1:colcon.colcon_core.package_identification:_identify(.) by extension 'ros'
[0.303s] DEBUG:colcon.colcon_core.package_identification:Package '.' with type 'ros.ament_cmake' and name 'ar_track_alvar'
[0.303s] Level 1:colcon.colcon_core.package_discovery:discover_packages(recursive) using defaults
[0.303s] Level 1:colcon.colcon_core.package_discovery:discover_packages(ignore) discover
[0.303s] Level 1:colcon.colcon_core.package_discovery:discover_packages(ignore) using defaults
[0.303s] Level 1:colcon.colcon_core.package_discovery:discover_packages(path) discover
[0.303s] Level 1:colcon.colcon_core.package_discovery:discover_packages(path) using defaults
[0.330s] Level 1:colcon.colcon_core.package_discovery:discover_packages(prefix_path) check parameters
[0.330s] Level 1:colcon.colcon_core.package_discovery:discover_packages(prefix_path) discover
[0.336s] DEBUG:colcon.colcon_installed_package_information.package_discovery:Found 42 installed packages in /home/hl/wheeltec/wheeltec_ws/install
[0.336s] DEBUG:colcon.colcon_installed_package_information.package_discovery:Found 3 installed packages in /home/hl/trac_ik_ws/install
[0.340s] DEBUG:colcon.colcon_installed_package_information.package_discovery:Found 547 installed packages in /opt/ros/jazzy
[0.342s] Level 1:colcon.colcon_core.package_discovery:discover_packages(prefix_path) using defaults
[0.475s] Level 5:colcon.colcon_core.verb:set package 'ar_track_alvar' build argument 'cmake_args' from command line to 'None'
[0.476s] Level 5:colcon.colcon_core.verb:set package 'ar_track_alvar' build argument 'cmake_target' from command line to 'None'
[0.476s] Level 5:colcon.colcon_core.verb:set package 'ar_track_alvar' build argument 'cmake_target_skip_unavailable' from command line to 'False'
[0.476s] Level 5:colcon.colcon_core.verb:set package 'ar_track_alvar' build argument 'cmake_clean_cache' from command line to 'False'
[0.476s] Level 5:colcon.colcon_core.verb:set package 'ar_track_alvar' build argument 'cmake_clean_first' from command line to 'False'
[0.476s] Level 5:colcon.colcon_core.verb:set package 'ar_track_alvar' build argument 'cmake_force_configure' from command line to 'False'
[0.476s] Level 5:colcon.colcon_core.verb:set package 'ar_track_alvar' build argument 'ament_cmake_args' from command line to 'None'
[0.476s] Level 5:colcon.colcon_core.verb:set package 'ar_track_alvar' build argument 'catkin_cmake_args' from command line to 'None'
[0.476s] Level 5:colcon.colcon_core.verb:set package 'ar_track_alvar' build argument 'catkin_skip_building_tests' from command line to 'False'
[0.476s] DEBUG:colcon.colcon_core.verb:Building package 'ar_track_alvar' with the following arguments: {'ament_cmake_args': None, 'build_base': '/home/hl/wheeltec/wheeltec_ws/ar_track/ar_track_alvar/build/ar_track_alvar', 'catkin_cmake_args': None, 'catkin_skip_building_tests': False, 'cmake_args': None, 'cmake_clean_cache': False, 'cmake_clean_first': False, 'cmake_force_configure': False, 'cmake_target': None, 'cmake_target_skip_unavailable': False, 'install_base': '/home/hl/wheeltec/wheeltec_ws/ar_track/ar_track_alvar/install/ar_track_alvar', 'merge_install': False, 'path': '/home/hl/wheeltec/wheeltec_ws/ar_track/ar_track_alvar', 'symlink_install': False, 'test_result_base': None}
[0.476s] INFO:colcon.colcon_core.executor:Executing jobs using 'parallel' executor
[0.477s] DEBUG:colcon.colcon_parallel_executor.executor.parallel:run_until_complete
[0.477s] INFO:colcon.colcon_ros.task.ament_cmake.build:Building ROS package in '/home/hl/wheeltec/wheeltec_ws/ar_track/ar_track_alvar' with build type 'ament_cmake'
[0.478s] INFO:colcon.colcon_cmake.task.cmake.build:Building CMake package in '/home/hl/wheeltec/wheeltec_ws/ar_track/ar_track_alvar'
[0.480s] INFO:colcon.colcon_core.plugin_system:Skipping extension 'colcon_core.shell.bat': Not used on non-Windows systems
[0.481s] INFO:colcon.colcon_core.shell:Skip shell extension 'powershell' for command environment: Not usable outside of PowerShell
[0.481s] DEBUG:colcon.colcon_core.shell:Skip shell extension 'dsv' for command environment
[0.500s] DEBUG:colcon.colcon_core.event_handler.log_command:Invoking command in '/home/hl/wheeltec/wheeltec_ws/ar_track/ar_track_alvar/build/ar_track_alvar': CMAKE_PREFIX_PATH=${CMAKE_PREFIX_PATH}:/home/hl/wheeltec/wheeltec_ws/install/simple_follower_ros2:/home/hl/wheeltec/wheeltec_ws/install/tf2_tools:/home/hl/wheeltec/wheeltec_ws/install/quiz_status:/home/hl/wheeltec/wheeltec_ws/install/quiz_pi_con:/home/hl/wheeltec/wheeltec_ws/install/nav2_gazebo_spawner:/home/hl/wheeltec/wheeltec_ws/install/manual_drive:/home/hl/wheeltec/wheeltec_ws/install/laser_scan_reader:/home/hl/wheeltec/wheeltec_ws/install/kul_tabloo_launch:/home/hl/wheeltec/wheeltec_ws/install/keyboard_control_emer:/home/hl/wheeltec/wheeltec_ws/install/beamer:/home/hl/wheeltec/wheeltec_ws/install/wheeltec_robot_keyboard:/opt/ros/jazzy DEBUGINFOD_URLS=https://debuginfod.ubuntu.com PS1=\n(TraeAI-4) \w [$?] $ __trae_PS1=\n(TraeAI-4) \w [$?] $ /usr/bin/cmake --build /home/hl/wheeltec/wheeltec_ws/ar_track/ar_track_alvar/build/ar_track_alvar -- -j24 -l24
[0.790s] DEBUG:colcon.colcon_core.event_handler.log_command:Invoked command in '/home/hl/wheeltec/wheeltec_ws/ar_track/ar_track_alvar/build/ar_track_alvar' returned '0': CMAKE_PREFIX_PATH=${CMAKE_PREFIX_PATH}:/home/hl/wheeltec/wheeltec_ws/install/simple_follower_ros2:/home/hl/wheeltec/wheeltec_ws/install/tf2_tools:/home/hl/wheeltec/wheeltec_ws/install/quiz_status:/home/hl/wheeltec/wheeltec_ws/install/quiz_pi_con:/home/hl/wheeltec/wheeltec_ws/install/nav2_gazebo_spawner:/home/hl/wheeltec/wheeltec_ws/install/manual_drive:/home/hl/wheeltec/wheeltec_ws/install/laser_scan_reader:/home/hl/wheeltec/wheeltec_ws/install/kul_tabloo_launch:/home/hl/wheeltec/wheeltec_ws/install/keyboard_control_emer:/home/hl/wheeltec/wheeltec_ws/install/beamer:/home/hl/wheeltec/wheeltec_ws/install/wheeltec_robot_keyboard:/opt/ros/jazzy DEBUGINFOD_URLS=https://debuginfod.ubuntu.com PS1=\n(TraeAI-4) \w [$?] $ __trae_PS1=\n(TraeAI-4) \w [$?] $ /usr/bin/cmake --build /home/hl/wheeltec/wheeltec_ws/ar_track/ar_track_alvar/build/ar_track_alvar -- -j24 -l24
[0.809s] DEBUG:colcon.colcon_core.event_handler.log_command:Invoking command in '/home/hl/wheeltec/wheeltec_ws/ar_track/ar_track_alvar/build/ar_track_alvar': CMAKE_PREFIX_PATH=${CMAKE_PREFIX_PATH}:/home/hl/wheeltec/wheeltec_ws/install/simple_follower_ros2:/home/hl/wheeltec/wheeltec_ws/install/tf2_tools:/home/hl/wheeltec/wheeltec_ws/install/quiz_status:/home/hl/wheeltec/wheeltec_ws/install/quiz_pi_con:/home/hl/wheeltec/wheeltec_ws/install/nav2_gazebo_spawner:/home/hl/wheeltec/wheeltec_ws/install/manual_drive:/home/hl/wheeltec/wheeltec_ws/install/laser_scan_reader:/home/hl/wheeltec/wheeltec_ws/install/kul_tabloo_launch:/home/hl/wheeltec/wheeltec_ws/install/keyboard_control_emer:/home/hl/wheeltec/wheeltec_ws/install/beamer:/home/hl/wheeltec/wheeltec_ws/install/wheeltec_robot_keyboard:/opt/ros/jazzy DEBUGINFOD_URLS=https://debuginfod.ubuntu.com PS1=\n(TraeAI-4) \w [$?] $ __trae_PS1=\n(TraeAI-4) \w [$?] $ /usr/bin/cmake --install /home/hl/wheeltec/wheeltec_ws/ar_track/ar_track_alvar/build/ar_track_alvar
[0.830s] Level 1:colcon.colcon_core.environment:create_environment_scripts_only(ar_track_alvar)
[0.840s] Level 1:colcon.colcon_core.environment:checking '/home/hl/wheeltec/wheeltec_ws/ar_track/ar_track_alvar/install/ar_track_alvar' for CMake module files
[0.842s] Level 1:colcon.colcon_core.environment:checking '/home/hl/wheeltec/wheeltec_ws/ar_track/ar_track_alvar/install/ar_track_alvar' for CMake config files
[0.844s] Level 1:colcon.colcon_core.shell:create_environment_hook('ar_track_alvar', 'cmake_prefix_path')
[0.845s] INFO:colcon.colcon_core.shell:Creating environment hook '/home/hl/wheeltec/wheeltec_ws/ar_track/ar_track_alvar/install/ar_track_alvar/share/ar_track_alvar/hook/cmake_prefix_path.ps1'
[0.847s] INFO:colcon.colcon_core.shell:Creating environment descriptor '/home/hl/wheeltec/wheeltec_ws/ar_track/ar_track_alvar/install/ar_track_alvar/share/ar_track_alvar/hook/cmake_prefix_path.dsv'
[0.848s] INFO:colcon.colcon_core.shell:Creating environment hook '/home/hl/wheeltec/wheeltec_ws/ar_track/ar_track_alvar/install/ar_track_alvar/share/ar_track_alvar/hook/cmake_prefix_path.sh'
[0.851s] Level 1:colcon.colcon_core.environment:checking '/home/hl/wheeltec/wheeltec_ws/ar_track/ar_track_alvar/install/ar_track_alvar/lib'
[0.852s] Level 1:colcon.colcon_core.environment:checking '/home/hl/wheeltec/wheeltec_ws/ar_track/ar_track_alvar/install/ar_track_alvar/bin'
[0.852s] Level 1:colcon.colcon_core.environment:checking '/home/hl/wheeltec/wheeltec_ws/ar_track/ar_track_alvar/install/ar_track_alvar/lib/pkgconfig/ar_track_alvar.pc'
[0.853s] Level 1:colcon.colcon_core.environment:checking '/home/hl/wheeltec/wheeltec_ws/ar_track/ar_track_alvar/install/ar_track_alvar/lib/python3.12/site-packages'
[0.853s] Level 1:colcon.colcon_core.environment:checking '/home/hl/wheeltec/wheeltec_ws/ar_track/ar_track_alvar/install/ar_track_alvar/bin'
[0.854s] INFO:colcon.colcon_core.shell:Creating package script '/home/hl/wheeltec/wheeltec_ws/ar_track/ar_track_alvar/install/ar_track_alvar/share/ar_track_alvar/package.ps1'
[0.857s] INFO:colcon.colcon_core.shell:Creating package descriptor '/home/hl/wheeltec/wheeltec_ws/ar_track/ar_track_alvar/install/ar_track_alvar/share/ar_track_alvar/package.dsv'
[0.859s] INFO:colcon.colcon_core.shell:Creating package script '/home/hl/wheeltec/wheeltec_ws/ar_track/ar_track_alvar/install/ar_track_alvar/share/ar_track_alvar/package.sh'
[0.869s] DEBUG:colcon.colcon_core.event_handler.log_command:Invoked command in '/home/hl/wheeltec/wheeltec_ws/ar_track/ar_track_alvar/build/ar_track_alvar' returned '0': CMAKE_PREFIX_PATH=${CMAKE_PREFIX_PATH}:/home/hl/wheeltec/wheeltec_ws/install/simple_follower_ros2:/home/hl/wheeltec/wheeltec_ws/install/tf2_tools:/home/hl/wheeltec/wheeltec_ws/install/quiz_status:/home/hl/wheeltec/wheeltec_ws/install/quiz_pi_con:/home/hl/wheeltec/wheeltec_ws/install/nav2_gazebo_spawner:/home/hl/wheeltec/wheeltec_ws/install/manual_drive:/home/hl/wheeltec/wheeltec_ws/install/laser_scan_reader:/home/hl/wheeltec/wheeltec_ws/install/kul_tabloo_launch:/home/hl/wheeltec/wheeltec_ws/install/keyboard_control_emer:/home/hl/wheeltec/wheeltec_ws/install/beamer:/home/hl/wheeltec/wheeltec_ws/install/wheeltec_robot_keyboard:/opt/ros/jazzy DEBUGINFOD_URLS=https://debuginfod.ubuntu.com PS1=\n(TraeAI-4) \w [$?] $ __trae_PS1=\n(TraeAI-4) \w [$?] $ /usr/bin/cmake --install /home/hl/wheeltec/wheeltec_ws/ar_track/ar_track_alvar/build/ar_track_alvar
[1.663s] INFO:colcon.colcon_core.shell:Creating package script '/home/hl/wheeltec/wheeltec_ws/ar_track/ar_track_alvar/install/ar_track_alvar/share/ar_track_alvar/package.bash'
[1.667s] INFO:colcon.colcon_core.shell:Creating package script '/home/hl/wheeltec/wheeltec_ws/ar_track/ar_track_alvar/install/ar_track_alvar/share/ar_track_alvar/package.zsh'
[1.670s] Level 1:colcon.colcon_core.environment:create_file_with_runtime_dependencies(/home/hl/wheeltec/wheeltec_ws/ar_track/ar_track_alvar/install/ar_track_alvar/share/colcon-core/packages/ar_track_alvar)
[1.672s] Level 1:colcon.colcon_core.environment:create_environment_scripts_only(ar_track_alvar)
[1.672s] Level 1:colcon.colcon_core.environment:checking '/home/hl/wheeltec/wheeltec_ws/ar_track/ar_track_alvar/install/ar_track_alvar' for CMake module files
[1.674s] Level 1:colcon.colcon_core.environment:checking '/home/hl/wheeltec/wheeltec_ws/ar_track/ar_track_alvar/install/ar_track_alvar' for CMake config files
[1.674s] Level 1:colcon.colcon_core.shell:create_environment_hook('ar_track_alvar', 'cmake_prefix_path')
[1.675s] INFO:colcon.colcon_core.shell:Creating environment hook '/home/hl/wheeltec/wheeltec_ws/ar_track/ar_track_alvar/install/ar_track_alvar/share/ar_track_alvar/hook/cmake_prefix_path.ps1'
[1.688s] INFO:colcon.colcon_core.shell:Creating environment descriptor '/home/hl/wheeltec/wheeltec_ws/ar_track/ar_track_alvar/install/ar_track_alvar/share/ar_track_alvar/hook/cmake_prefix_path.dsv'
[1.690s] INFO:colcon.colcon_core.shell:Creating environment hook '/home/hl/wheeltec/wheeltec_ws/ar_track/ar_track_alvar/install/ar_track_alvar/share/ar_track_alvar/hook/cmake_prefix_path.sh'
[1.691s] Level 1:colcon.colcon_core.environment:checking '/home/hl/wheeltec/wheeltec_ws/ar_track/ar_track_alvar/install/ar_track_alvar/lib'
[1.691s] Level 1:colcon.colcon_core.environment:checking '/home/hl/wheeltec/wheeltec_ws/ar_track/ar_track_alvar/install/ar_track_alvar/bin'
[1.691s] Level 1:colcon.colcon_core.environment:checking '/home/hl/wheeltec/wheeltec_ws/ar_track/ar_track_alvar/install/ar_track_alvar/lib/pkgconfig/ar_track_alvar.pc'
[1.692s] Level 1:colcon.colcon_core.environment:checking '/home/hl/wheeltec/wheeltec_ws/ar_track/ar_track_alvar/install/ar_track_alvar/lib/python3.12/site-packages'
[1.693s] Level 1:colcon.colcon_core.environment:checking '/home/hl/wheeltec/wheeltec_ws/ar_track/ar_track_alvar/install/ar_track_alvar/bin'
[1.693s] INFO:colcon.colcon_core.shell:Creating package script '/home/hl/wheeltec/wheeltec_ws/ar_track/ar_track_alvar/install/ar_track_alvar/share/ar_track_alvar/package.ps1'
[1.695s] INFO:colcon.colcon_core.shell:Creating package descriptor '/home/hl/wheeltec/wheeltec_ws/ar_track/ar_track_alvar/install/ar_track_alvar/share/ar_track_alvar/package.dsv'
[1.696s] INFO:colcon.colcon_core.shell:Creating package script '/home/hl/wheeltec/wheeltec_ws/ar_track/ar_track_alvar/install/ar_track_alvar/share/ar_track_alvar/package.sh'
[1.697s] INFO:colcon.colcon_core.shell:Creating package script '/home/hl/wheeltec/wheeltec_ws/ar_track/ar_track_alvar/install/ar_track_alvar/share/ar_track_alvar/package.bash'
[1.698s] INFO:colcon.colcon_core.shell:Creating package script '/home/hl/wheeltec/wheeltec_ws/ar_track/ar_track_alvar/install/ar_track_alvar/share/ar_track_alvar/package.zsh'
[1.698s] Level 1:colcon.colcon_core.environment:create_file_with_runtime_dependencies(/home/hl/wheeltec/wheeltec_ws/ar_track/ar_track_alvar/install/ar_track_alvar/share/colcon-core/packages/ar_track_alvar)
[1.699s] DEBUG:colcon.colcon_parallel_executor.executor.parallel:closing loop
[1.700s] DEBUG:colcon.colcon_parallel_executor.executor.parallel:loop closed
[1.700s] DEBUG:colcon.colcon_parallel_executor.executor.parallel:run_until_complete finished with '0'
[1.700s] DEBUG:colcon.colcon_core.event_reactor:joining thread
[1.715s] INFO:colcon.colcon_core.plugin_system:Skipping extension 'colcon_notification.desktop_notification.terminal_notifier': Not used on non-Darwin systems
[1.716s] INFO:colcon.colcon_core.plugin_system:Skipping extension 'colcon_notification.desktop_notification.win32': Not used on non-Windows systems
[1.716s] INFO:colcon.colcon_notification.desktop_notification:Sending desktop notification using 'notify2'
[1.742s] DEBUG:colcon.colcon_core.event_reactor:joined thread
[1.743s] INFO:colcon.colcon_core.shell:Creating prefix script '/home/hl/wheeltec/wheeltec_ws/ar_track/ar_track_alvar/install/local_setup.ps1'
[1.744s] INFO:colcon.colcon_core.shell:Creating prefix util module '/home/hl/wheeltec/wheeltec_ws/ar_track/ar_track_alvar/install/_local_setup_util_ps1.py'
[1.746s] INFO:colcon.colcon_core.shell:Creating prefix chain script '/home/hl/wheeltec/wheeltec_ws/ar_track/ar_track_alvar/install/setup.ps1'
[1.751s] INFO:colcon.colcon_core.shell:Creating prefix script '/home/hl/wheeltec/wheeltec_ws/ar_track/ar_track_alvar/install/local_setup.sh'
[1.752s] INFO:colcon.colcon_core.shell:Creating prefix util module '/home/hl/wheeltec/wheeltec_ws/ar_track/ar_track_alvar/install/_local_setup_util_sh.py'
[1.754s] INFO:colcon.colcon_core.shell:Creating prefix chain script '/home/hl/wheeltec/wheeltec_ws/ar_track/ar_track_alvar/install/setup.sh'
[1.759s] INFO:colcon.colcon_core.shell:Creating prefix script '/home/hl/wheeltec/wheeltec_ws/ar_track/ar_track_alvar/install/local_setup.bash'
[1.760s] INFO:colcon.colcon_core.shell:Creating prefix chain script '/home/hl/wheeltec/wheeltec_ws/ar_track/ar_track_alvar/install/setup.bash'
[1.766s] INFO:colcon.colcon_core.shell:Creating prefix script '/home/hl/wheeltec/wheeltec_ws/ar_track/ar_track_alvar/install/local_setup.zsh'
[1.767s] INFO:colcon.colcon_core.shell:Creating prefix chain script '/home/hl/wheeltec/wheeltec_ws/ar_track/ar_track_alvar/install/setup.zsh'
