In file included from /home/hl/wheeltec/wheeltec_ws/ar_track/ar_track_alvar/include/ar_track_alvar/MarkerDetector.h:38,
                 from /home/hl/wheeltec/wheeltec_ws/ar_track/ar_track_alvar/nodes/IndividualMarkersNoKinect.cpp:40:
/home/hl/wheeltec/wheeltec_ws/ar_track/ar_track_alvar/include/ar_track_alvar/Marker.h:358:17: warning: ‘template<class _Category, class _Tp, class _Distance, class _Pointer, class _Reference> struct std::iterator’ is deprecated [-Wdeprecated-declarations]
  358 |   : public std::iterator<std::forward_iterator_tag, Marker*>
      |                 ^~~~~~~~
In file included from /usr/include/c++/12/bits/stl_algobase.h:65,
                 from /usr/include/c++/12/algorithm:60,
                 from /opt/ros/jazzy/include/std_msgs/std_msgs/msg/detail/bool__struct.hpp:11,
                 from /opt/ros/jazzy/include/std_msgs/std_msgs/msg/bool.hpp:7,
                 from /home/hl/wheeltec/wheeltec_ws/ar_track/ar_track_alvar/nodes/IndividualMarkersNoKinect.cpp:38:
/usr/include/c++/12/bits/stl_iterator_base_types.h:127:34: note: declared here
  127 |     struct _GLIBCXX17_DEPRECATED iterator
      |                                  ^~~~~~~~
In file included from /home/hl/wheeltec/wheeltec_ws/ar_track/ar_track_alvar/include/ar_track_alvar/MarkerDetector.h:38,
                 from /home/hl/wheeltec/wheeltec_ws/ar_track/ar_track_alvar/nodes/TrainMarkerBundle.cpp:39:
/home/hl/wheeltec/wheeltec_ws/ar_track/ar_track_alvar/include/ar_track_alvar/Marker.h:358:17: warning: ‘template<class _Category, class _Tp, class _Distance, class _Pointer, class _Reference> struct std::iterator’ is deprecated [-Wdeprecated-declarations]
  358 |   : public std::iterator<std::forward_iterator_tag, Marker*>
      |                 ^~~~~~~~
In file included from /usr/include/c++/12/bits/stl_algobase.h:65,
                 from /usr/include/c++/12/vector:60,
                 from /home/hl/wheeltec/wheeltec_ws/ar_track/ar_track_alvar/include/ar_track_alvar/CvTestbed.h:6,
                 from /home/hl/wheeltec/wheeltec_ws/ar_track/ar_track_alvar/nodes/TrainMarkerBundle.cpp:38:
/usr/include/c++/12/bits/stl_iterator_base_types.h:127:34: note: declared here
  127 |     struct _GLIBCXX17_DEPRECATED iterator
      |                                  ^~~~~~~~
In file included from /home/hl/wheeltec/wheeltec_ws/ar_track/ar_track_alvar/include/ar_track_alvar/MarkerDetector.h:38,
                 from /home/hl/wheeltec/wheeltec_ws/ar_track/ar_track_alvar/nodes/FindMarkerBundlesNoKinect.cpp:39:
/home/hl/wheeltec/wheeltec_ws/ar_track/ar_track_alvar/include/ar_track_alvar/Marker.h:358:17: warning: ‘template<class _Category, class _Tp, class _Distance, class _Pointer, class _Reference> struct std::iterator’ is deprecated [-Wdeprecated-declarations]
  358 |   : public std::iterator<std::forward_iterator_tag, Marker*>
      |                 ^~~~~~~~
In file included from /usr/include/c++/12/bits/stl_algobase.h:65,
                 from /usr/include/c++/12/vector:60,
                 from /home/hl/wheeltec/wheeltec_ws/ar_track/ar_track_alvar/include/ar_track_alvar/CvTestbed.h:6,
                 from /home/hl/wheeltec/wheeltec_ws/ar_track/ar_track_alvar/nodes/FindMarkerBundlesNoKinect.cpp:38:
/usr/include/c++/12/bits/stl_iterator_base_types.h:127:34: note: declared here
  127 |     struct _GLIBCXX17_DEPRECATED iterator
      |                                  ^~~~~~~~
In file included from /home/hl/wheeltec/wheeltec_ws/ar_track/ar_track_alvar/include/ar_track_alvar/MarkerDetector.h:38,
                 from /home/hl/wheeltec/wheeltec_ws/ar_track/ar_track_alvar/nodes/FindMarkerBundles.cpp:37:
/home/hl/wheeltec/wheeltec_ws/ar_track/ar_track_alvar/include/ar_track_alvar/Marker.h:358:17: warning: ‘template<class _Category, class _Tp, class _Distance, class _Pointer, class _Reference> struct std::iterator’ is deprecated [-Wdeprecated-declarations]
  358 |   : public std::iterator<std::forward_iterator_tag, Marker*>
      |                 ^~~~~~~~
In file included from /usr/include/c++/12/bits/stl_algobase.h:65,
                 from /usr/include/c++/12/vector:60,
                 from /home/hl/wheeltec/wheeltec_ws/ar_track/ar_track_alvar/include/ar_track_alvar/CvTestbed.h:6,
                 from /home/hl/wheeltec/wheeltec_ws/ar_track/ar_track_alvar/nodes/FindMarkerBundles.cpp:36:
/usr/include/c++/12/bits/stl_iterator_base_types.h:127:34: note: declared here
  127 |     struct _GLIBCXX17_DEPRECATED iterator
      |                                  ^~~~~~~~
In file included from /home/hl/wheeltec/wheeltec_ws/ar_track/ar_track_alvar/include/ar_track_alvar/MarkerDetector.h:38,
                 from /home/hl/wheeltec/wheeltec_ws/ar_track/ar_track_alvar/nodes/IndividualMarkers.cpp:39:
/home/hl/wheeltec/wheeltec_ws/ar_track/ar_track_alvar/include/ar_track_alvar/Marker.h:358:17: warning: ‘template<class _Category, class _Tp, class _Distance, class _Pointer, class _Reference> struct std::iterator’ is deprecated [-Wdeprecated-declarations]
  358 |   : public std::iterator<std::forward_iterator_tag, Marker*>
      |                 ^~~~~~~~
In file included from /usr/include/c++/12/bits/stl_algobase.h:65,
                 from /usr/include/c++/12/vector:60,
                 from /home/hl/wheeltec/wheeltec_ws/ar_track/ar_track_alvar/include/ar_track_alvar/CvTestbed.h:6,
                 from /home/hl/wheeltec/wheeltec_ws/ar_track/ar_track_alvar/nodes/IndividualMarkers.cpp:38:
/usr/include/c++/12/bits/stl_iterator_base_types.h:127:34: note: declared here
  127 |     struct _GLIBCXX17_DEPRECATED iterator
      |                                  ^~~~~~~~
/home/hl/wheeltec/wheeltec_ws/ar_track/ar_track_alvar/nodes/IndividualMarkers.cpp: In member function ‘void IndividualMarkers::GetMarkerPoses(cv::Mat*, ARCloud&)’:
/home/hl/wheeltec/wheeltec_ws/ar_track/ar_track_alvar/nodes/IndividualMarkers.cpp:430:30: error: expected primary-expression before ‘const’
  430 |               BOOST_FOREACH (const PointDouble& p, m->ros_marker_points_img)
      |                              ^~~~~
/home/hl/wheeltec/wheeltec_ws/ar_track/ar_track_alvar/nodes/FindMarkerBundles.cpp: In member function ‘void FindMarkerBundles::GetMultiMarkerPoses(cv::Mat*, ARCloud&)’:
/home/hl/wheeltec/wheeltec_ws/ar_track/ar_track_alvar/nodes/FindMarkerBundles.cpp:579:22: error: expected primary-expression before ‘const’
  579 |       BOOST_FOREACH (const PointDouble& p, m->ros_marker_points_img)
      |                      ^~~~~
/home/hl/wheeltec/wheeltec_ws/ar_track/ar_track_alvar/nodes/IndividualMarkers.cpp:430:15: error: ‘BOOST_FOREACH’ was not declared in this scope; did you mean ‘BOOST_NO_HASH’?
  430 |               BOOST_FOREACH (const PointDouble& p, m->ros_marker_points_img)
      |               ^~~~~~~~~~~~~
      |               BOOST_NO_HASH
/home/hl/wheeltec/wheeltec_ws/ar_track/ar_track_alvar/nodes/FindMarkerBundles.cpp:579:7: error: ‘BOOST_FOREACH’ was not declared in this scope; did you mean ‘BOOST_NO_HASH’?
  579 |       BOOST_FOREACH (const PointDouble& p, m->ros_marker_points_img)
      |       ^~~~~~~~~~~~~
      |       BOOST_NO_HASH
gmake[2]: *** [CMakeFiles/individualMarkers.dir/build.make:76：CMakeFiles/individualMarkers.dir/nodes/IndividualMarkers.cpp.o] 错误 1
gmake[1]: *** [CMakeFiles/Makefile2:232：CMakeFiles/individualMarkers.dir/all] 错误 2
gmake[1]: *** 正在等待未完成的任务....
gmake[2]: *** [CMakeFiles/findMarkerBundles.dir/build.make:76：CMakeFiles/findMarkerBundles.dir/nodes/FindMarkerBundles.cpp.o] 错误 1
gmake[1]: *** [CMakeFiles/Makefile2:312：CMakeFiles/findMarkerBundles.dir/all] 错误 2
/usr/bin/ld: warning: libopencv_imgcodecs.so.406, needed by /opt/ros/jazzy/lib/libcv_bridge.so, may conflict with libopencv_imgcodecs.so.409
/usr/bin/ld: warning: libopencv_imgproc.so.406, needed by /opt/ros/jazzy/lib/libcv_bridge.so, may conflict with libopencv_imgproc.so.409
/usr/bin/ld: warning: libopencv_core.so.406, needed by /opt/ros/jazzy/lib/libcv_bridge.so, may conflict with libopencv_core.so.409
/usr/bin/ld: warning: libopencv_imgcodecs.so.406, needed by /opt/ros/jazzy/lib/libcv_bridge.so, may conflict with libopencv_imgcodecs.so.409
/usr/bin/ld: warning: libopencv_imgproc.so.406, needed by /opt/ros/jazzy/lib/libcv_bridge.so, may conflict with libopencv_imgproc.so.409
/usr/bin/ld: warning: libopencv_core.so.406, needed by /opt/ros/jazzy/lib/libcv_bridge.so, may conflict with libopencv_core.so.409
/usr/bin/ld: warning: libopencv_imgcodecs.so.406, needed by /opt/ros/jazzy/lib/libcv_bridge.so, may conflict with libopencv_imgcodecs.so.409
/usr/bin/ld: warning: libopencv_imgproc.so.406, needed by /opt/ros/jazzy/lib/libcv_bridge.so, may conflict with libopencv_imgproc.so.409
/usr/bin/ld: warning: libopencv_core.so.406, needed by /opt/ros/jazzy/lib/libcv_bridge.so, may conflict with libopencv_core.so.409
gmake: *** [Makefile:146：all] 错误 2
