[0.022s] Invoking command in '/home/hl/wheeltec/wheeltec_ws/ar_track/ar_track_alvar/build/ar_track_alvar': CMAKE_PREFIX_PATH=${CMAKE_PREFIX_PATH}:/home/hl/wheeltec/wheeltec_ws/install/simple_follower_ros2:/home/hl/wheeltec/wheeltec_ws/install/tf2_tools:/home/hl/wheeltec/wheeltec_ws/install/quiz_status:/home/hl/wheeltec/wheeltec_ws/install/quiz_pi_con:/home/hl/wheeltec/wheeltec_ws/install/nav2_gazebo_spawner:/home/hl/wheeltec/wheeltec_ws/install/manual_drive:/home/hl/wheeltec/wheeltec_ws/install/laser_scan_reader:/home/hl/wheeltec/wheeltec_ws/install/kul_tabloo_launch:/home/hl/wheeltec/wheeltec_ws/install/keyboard_control_emer:/home/hl/wheeltec/wheeltec_ws/install/beamer:/home/hl/wheeltec/wheeltec_ws/install/wheeltec_robot_keyboard:/opt/ros/jazzy DEBUGINFOD_URLS=https://debuginfod.ubuntu.com PS1=\n(TraeAI-4) \w [$?] $ __trae_PS1=\n(TraeAI-4) \w [$?] $ /usr/bin/cmake --build /home/hl/wheeltec/wheeltec_ws/ar_track/ar_track_alvar/build/ar_track_alvar -- -j24 -l24
[0.153s] [  4%] Built target kinect_filtering
[0.242s] [ 69%] Built target ar_track_alvar
[0.284s] [ 73%] Built target medianFilter
[0.316s] [ 78%] Built target createMarker
[0.316s] [ 82%] Building CXX object CMakeFiles/individualMarkers.dir/nodes/IndividualMarkers.cpp.o
[0.317s] [ 82%] Building CXX object CMakeFiles/findMarkerBundlesNoKinect.dir/nodes/FindMarkerBundlesNoKinect.cpp.o
[0.317s] [ 84%] Building CXX object CMakeFiles/trainMarkerBundle.dir/nodes/TrainMarkerBundle.cpp.o
[0.317s] [ 86%] Building CXX object CMakeFiles/individualMarkersNoKinect.dir/nodes/IndividualMarkersNoKinect.cpp.o
[0.354s] [ 89%] Building CXX object CMakeFiles/findMarkerBundles.dir/nodes/FindMarkerBundles.cpp.o
[11.121s] In file included from /home/hl/wheeltec/wheeltec_ws/ar_track/ar_track_alvar/include/ar_track_alvar/MarkerDetector.h:38,
[11.121s]                  from /home/hl/wheeltec/wheeltec_ws/ar_track/ar_track_alvar/nodes/IndividualMarkersNoKinect.cpp:40:
[11.121s] /home/hl/wheeltec/wheeltec_ws/ar_track/ar_track_alvar/include/ar_track_alvar/Marker.h:358:17: warning: ‘template<class _Category, class _Tp, class _Distance, class _Pointer, class _Reference> struct std::iterator’ is deprecated [-Wdeprecated-declarations]
[11.122s]   358 |   : public std::iterator<std::forward_iterator_tag, Marker*>
[11.122s]       |                 ^~~~~~~~
[11.122s] In file included from /usr/include/c++/12/bits/stl_algobase.h:65,
[11.122s]                  from /usr/include/c++/12/algorithm:60,
[11.123s]                  from /opt/ros/jazzy/include/std_msgs/std_msgs/msg/detail/bool__struct.hpp:11,
[11.123s]                  from /opt/ros/jazzy/include/std_msgs/std_msgs/msg/bool.hpp:7,
[11.123s]                  from /home/hl/wheeltec/wheeltec_ws/ar_track/ar_track_alvar/nodes/IndividualMarkersNoKinect.cpp:38:
[11.123s] /usr/include/c++/12/bits/stl_iterator_base_types.h:127:34: note: declared here
[11.124s]   127 |     struct _GLIBCXX17_DEPRECATED iterator
[11.124s]       |                                  ^~~~~~~~
[11.183s] In file included from /home/hl/wheeltec/wheeltec_ws/ar_track/ar_track_alvar/include/ar_track_alvar/MarkerDetector.h:38,
[11.183s]                  from /home/hl/wheeltec/wheeltec_ws/ar_track/ar_track_alvar/nodes/TrainMarkerBundle.cpp:39:
[11.183s] /home/hl/wheeltec/wheeltec_ws/ar_track/ar_track_alvar/include/ar_track_alvar/Marker.h:358:17: warning: ‘template<class _Category, class _Tp, class _Distance, class _Pointer, class _Reference> struct std::iterator’ is deprecated [-Wdeprecated-declarations]
[11.183s]   358 |   : public std::iterator<std::forward_iterator_tag, Marker*>
[11.184s]       |                 ^~~~~~~~
[11.184s] In file included from /usr/include/c++/12/bits/stl_algobase.h:65,
[11.184s]                  from /usr/include/c++/12/vector:60,
[11.184s]                  from /home/hl/wheeltec/wheeltec_ws/ar_track/ar_track_alvar/include/ar_track_alvar/CvTestbed.h:6,
[11.185s]                  from /home/hl/wheeltec/wheeltec_ws/ar_track/ar_track_alvar/nodes/TrainMarkerBundle.cpp:38:
[11.185s] /usr/include/c++/12/bits/stl_iterator_base_types.h:127:34: note: declared here
[11.185s]   127 |     struct _GLIBCXX17_DEPRECATED iterator
[11.185s]       |                                  ^~~~~~~~
[11.221s] In file included from /home/hl/wheeltec/wheeltec_ws/ar_track/ar_track_alvar/include/ar_track_alvar/MarkerDetector.h:38,
[11.222s]                  from /home/hl/wheeltec/wheeltec_ws/ar_track/ar_track_alvar/nodes/FindMarkerBundlesNoKinect.cpp:39:
[11.222s] /home/hl/wheeltec/wheeltec_ws/ar_track/ar_track_alvar/include/ar_track_alvar/Marker.h:358:17: warning: ‘template<class _Category, class _Tp, class _Distance, class _Pointer, class _Reference> struct std::iterator’ is deprecated [-Wdeprecated-declarations]
[11.222s]   358 |   : public std::iterator<std::forward_iterator_tag, Marker*>
[11.222s]       |                 ^~~~~~~~
[11.222s] In file included from /usr/include/c++/12/bits/stl_algobase.h:65,
[11.223s]                  from /usr/include/c++/12/vector:60,
[11.223s]                  from /home/hl/wheeltec/wheeltec_ws/ar_track/ar_track_alvar/include/ar_track_alvar/CvTestbed.h:6,
[11.223s]                  from /home/hl/wheeltec/wheeltec_ws/ar_track/ar_track_alvar/nodes/FindMarkerBundlesNoKinect.cpp:38:
[11.223s] /usr/include/c++/12/bits/stl_iterator_base_types.h:127:34: note: declared here
[11.224s]   127 |     struct _GLIBCXX17_DEPRECATED iterator
[11.224s]       |                                  ^~~~~~~~
[11.344s] In file included from /home/hl/wheeltec/wheeltec_ws/ar_track/ar_track_alvar/include/ar_track_alvar/MarkerDetector.h:38,
[11.344s]                  from /home/hl/wheeltec/wheeltec_ws/ar_track/ar_track_alvar/nodes/FindMarkerBundles.cpp:37:
[11.345s] /home/hl/wheeltec/wheeltec_ws/ar_track/ar_track_alvar/include/ar_track_alvar/Marker.h:358:17: warning: ‘template<class _Category, class _Tp, class _Distance, class _Pointer, class _Reference> struct std::iterator’ is deprecated [-Wdeprecated-declarations]
[11.345s]   358 |   : public std::iterator<std::forward_iterator_tag, Marker*>
[11.345s]       |                 ^~~~~~~~
[11.345s] In file included from /usr/include/c++/12/bits/stl_algobase.h:65,
[11.346s]                  from /usr/include/c++/12/vector:60,
[11.346s]                  from /home/hl/wheeltec/wheeltec_ws/ar_track/ar_track_alvar/include/ar_track_alvar/CvTestbed.h:6,
[11.346s]                  from /home/hl/wheeltec/wheeltec_ws/ar_track/ar_track_alvar/nodes/FindMarkerBundles.cpp:36:
[11.346s] /usr/include/c++/12/bits/stl_iterator_base_types.h:127:34: note: declared here
[11.347s]   127 |     struct _GLIBCXX17_DEPRECATED iterator
[11.347s]       |                                  ^~~~~~~~
[11.374s] In file included from /home/hl/wheeltec/wheeltec_ws/ar_track/ar_track_alvar/include/ar_track_alvar/MarkerDetector.h:38,
[11.374s]                  from /home/hl/wheeltec/wheeltec_ws/ar_track/ar_track_alvar/nodes/IndividualMarkers.cpp:39:
[11.374s] /home/hl/wheeltec/wheeltec_ws/ar_track/ar_track_alvar/include/ar_track_alvar/Marker.h:358:17: warning: ‘template<class _Category, class _Tp, class _Distance, class _Pointer, class _Reference> struct std::iterator’ is deprecated [-Wdeprecated-declarations]
[11.374s]   358 |   : public std::iterator<std::forward_iterator_tag, Marker*>
[11.375s]       |                 ^~~~~~~~
[11.375s] In file included from /usr/include/c++/12/bits/stl_algobase.h:65,
[11.375s]                  from /usr/include/c++/12/vector:60,
[11.375s]                  from /home/hl/wheeltec/wheeltec_ws/ar_track/ar_track_alvar/include/ar_track_alvar/CvTestbed.h:6,
[11.376s]                  from /home/hl/wheeltec/wheeltec_ws/ar_track/ar_track_alvar/nodes/IndividualMarkers.cpp:38:
[11.376s] /usr/include/c++/12/bits/stl_iterator_base_types.h:127:34: note: declared here
[11.376s]   127 |     struct _GLIBCXX17_DEPRECATED iterator
[11.376s]       |                                  ^~~~~~~~
[12.259s] /home/hl/wheeltec/wheeltec_ws/ar_track/ar_track_alvar/nodes/IndividualMarkers.cpp: In member function ‘void IndividualMarkers::GetMarkerPoses(cv::Mat*, ARCloud&)’:
[12.259s] /home/hl/wheeltec/wheeltec_ws/ar_track/ar_track_alvar/nodes/IndividualMarkers.cpp:430:30: error: expected primary-expression before ‘const’
[12.260s]   430 |               BOOST_FOREACH (const PointDouble& p, m->ros_marker_points_img)
[12.260s]       |                              ^~~~~
[12.261s] /home/hl/wheeltec/wheeltec_ws/ar_track/ar_track_alvar/nodes/FindMarkerBundles.cpp: In member function ‘void FindMarkerBundles::GetMultiMarkerPoses(cv::Mat*, ARCloud&)’:
[12.261s] /home/hl/wheeltec/wheeltec_ws/ar_track/ar_track_alvar/nodes/FindMarkerBundles.cpp:579:22: error: expected primary-expression before ‘const’
[12.261s]   579 |       BOOST_FOREACH (const PointDouble& p, m->ros_marker_points_img)
[12.262s]       |                      ^~~~~
[12.282s] /home/hl/wheeltec/wheeltec_ws/ar_track/ar_track_alvar/nodes/IndividualMarkers.cpp:430:15: error: ‘BOOST_FOREACH’ was not declared in this scope; did you mean ‘BOOST_NO_HASH’?
[12.283s]   430 |               BOOST_FOREACH (const PointDouble& p, m->ros_marker_points_img)
[12.283s]       |               ^~~~~~~~~~~~~
[12.284s]       |               BOOST_NO_HASH
[12.284s] /home/hl/wheeltec/wheeltec_ws/ar_track/ar_track_alvar/nodes/FindMarkerBundles.cpp:579:7: error: ‘BOOST_FOREACH’ was not declared in this scope; did you mean ‘BOOST_NO_HASH’?
[12.285s]   579 |       BOOST_FOREACH (const PointDouble& p, m->ros_marker_points_img)
[12.285s]       |       ^~~~~~~~~~~~~
[12.285s]       |       BOOST_NO_HASH
[22.150s] gmake[2]: *** [CMakeFiles/individualMarkers.dir/build.make:76：CMakeFiles/individualMarkers.dir/nodes/IndividualMarkers.cpp.o] 错误 1
[22.171s] gmake[1]: *** [CMakeFiles/Makefile2:232：CMakeFiles/individualMarkers.dir/all] 错误 2
[22.171s] gmake[1]: *** 正在等待未完成的任务....
[22.237s] gmake[2]: *** [CMakeFiles/findMarkerBundles.dir/build.make:76：CMakeFiles/findMarkerBundles.dir/nodes/FindMarkerBundles.cpp.o] 错误 1
[22.237s] gmake[1]: *** [CMakeFiles/Makefile2:312：CMakeFiles/findMarkerBundles.dir/all] 错误 2
[30.291s] [ 91%] Linking CXX executable findMarkerBundlesNoKinect
[33.054s] /usr/bin/ld: warning: libopencv_imgcodecs.so.406, needed by /opt/ros/jazzy/lib/libcv_bridge.so, may conflict with libopencv_imgcodecs.so.409
[33.306s] [ 93%] Linking CXX executable trainMarkerBundle
[33.494s] /usr/bin/ld: warning: libopencv_imgproc.so.406, needed by /opt/ros/jazzy/lib/libcv_bridge.so, may conflict with libopencv_imgproc.so.409
[33.500s] /usr/bin/ld: warning: libopencv_core.so.406, needed by /opt/ros/jazzy/lib/libcv_bridge.so, may conflict with libopencv_core.so.409
[34.714s] [ 93%] Built target findMarkerBundlesNoKinect
[34.753s] /usr/bin/ld: warning: libopencv_imgcodecs.so.406, needed by /opt/ros/jazzy/lib/libcv_bridge.so, may conflict with libopencv_imgcodecs.so.409
[34.754s] /usr/bin/ld: warning: libopencv_imgproc.so.406, needed by /opt/ros/jazzy/lib/libcv_bridge.so, may conflict with libopencv_imgproc.so.409
[34.755s] /usr/bin/ld: warning: libopencv_core.so.406, needed by /opt/ros/jazzy/lib/libcv_bridge.so, may conflict with libopencv_core.so.409
[35.389s] [ 95%] Linking CXX executable individualMarkersNoKinect
[36.864s] /usr/bin/ld: warning: libopencv_imgcodecs.so.406, needed by /opt/ros/jazzy/lib/libcv_bridge.so, may conflict with libopencv_imgcodecs.so.409
[36.865s] /usr/bin/ld: warning: libopencv_imgproc.so.406, needed by /opt/ros/jazzy/lib/libcv_bridge.so, may conflict with libopencv_imgproc.so.409
[36.866s] /usr/bin/ld: warning: libopencv_core.so.406, needed by /opt/ros/jazzy/lib/libcv_bridge.so, may conflict with libopencv_core.so.409
[37.454s] [ 95%] Built target trainMarkerBundle
[37.665s] [ 95%] Built target individualMarkersNoKinect
[37.667s] gmake: *** [Makefile:146：all] 错误 2
[37.672s] Invoked command in '/home/hl/wheeltec/wheeltec_ws/ar_track/ar_track_alvar/build/ar_track_alvar' returned '2': CMAKE_PREFIX_PATH=${CMAKE_PREFIX_PATH}:/home/hl/wheeltec/wheeltec_ws/install/simple_follower_ros2:/home/hl/wheeltec/wheeltec_ws/install/tf2_tools:/home/hl/wheeltec/wheeltec_ws/install/quiz_status:/home/hl/wheeltec/wheeltec_ws/install/quiz_pi_con:/home/hl/wheeltec/wheeltec_ws/install/nav2_gazebo_spawner:/home/hl/wheeltec/wheeltec_ws/install/manual_drive:/home/hl/wheeltec/wheeltec_ws/install/laser_scan_reader:/home/hl/wheeltec/wheeltec_ws/install/kul_tabloo_launch:/home/hl/wheeltec/wheeltec_ws/install/keyboard_control_emer:/home/hl/wheeltec/wheeltec_ws/install/beamer:/home/hl/wheeltec/wheeltec_ws/install/wheeltec_robot_keyboard:/opt/ros/jazzy DEBUGINFOD_URLS=https://debuginfod.ubuntu.com PS1=\n(TraeAI-4) \w [$?] $ __trae_PS1=\n(TraeAI-4) \w [$?] $ /usr/bin/cmake --build /home/hl/wheeltec/wheeltec_ws/ar_track/ar_track_alvar/build/ar_track_alvar -- -j24 -l24
