In file included from /home/hl/wheeltec/wheeltec_ws/ar_track/ar_track_alvar/include/ar_track_alvar/MarkerDetector.h:38,
                 from /home/hl/wheeltec/wheeltec_ws/ar_track/ar_track_alvar/nodes/IndividualMarkers.cpp:39:
/home/hl/wheeltec/wheeltec_ws/ar_track/ar_track_alvar/include/ar_track_alvar/Marker.h:358:17: warning: ‘template<class _Category, class _Tp, class _Distance, class _Pointer, class _Reference> struct std::iterator’ is deprecated [-Wdeprecated-declarations]
  358 |   : public std::iterator<std::forward_iterator_tag, Marker*>
      |                 ^~~~~~~~
In file included from /usr/include/c++/12/bits/stl_algobase.h:65,
                 from /usr/include/c++/12/vector:60,
                 from /home/hl/wheeltec/wheeltec_ws/ar_track/ar_track_alvar/include/ar_track_alvar/CvTestbed.h:6,
                 from /home/hl/wheeltec/wheeltec_ws/ar_track/ar_track_alvar/nodes/IndividualMarkers.cpp:38:
/usr/include/c++/12/bits/stl_iterator_base_types.h:127:34: note: declared here
  127 |     struct _GLIBCXX17_DEPRECATED iterator
      |                                  ^~~~~~~~
In file included from /home/hl/wheeltec/wheeltec_ws/ar_track/ar_track_alvar/include/ar_track_alvar/MarkerDetector.h:38,
                 from /home/hl/wheeltec/wheeltec_ws/ar_track/ar_track_alvar/nodes/FindMarkerBundles.cpp:37:
/home/hl/wheeltec/wheeltec_ws/ar_track/ar_track_alvar/include/ar_track_alvar/Marker.h:358:17: warning: ‘template<class _Category, class _Tp, class _Distance, class _Pointer, class _Reference> struct std::iterator’ is deprecated [-Wdeprecated-declarations]
  358 |   : public std::iterator<std::forward_iterator_tag, Marker*>
      |                 ^~~~~~~~
In file included from /usr/include/c++/12/bits/stl_algobase.h:65,
                 from /usr/include/c++/12/vector:60,
                 from /home/hl/wheeltec/wheeltec_ws/ar_track/ar_track_alvar/include/ar_track_alvar/CvTestbed.h:6,
                 from /home/hl/wheeltec/wheeltec_ws/ar_track/ar_track_alvar/nodes/FindMarkerBundles.cpp:36:
/usr/include/c++/12/bits/stl_iterator_base_types.h:127:34: note: declared here
  127 |     struct _GLIBCXX17_DEPRECATED iterator
      |                                  ^~~~~~~~
/usr/bin/ld: warning: libopencv_imgcodecs.so.406, needed by /opt/ros/jazzy/lib/libcv_bridge.so, may conflict with libopencv_imgcodecs.so.409
/usr/bin/ld: warning: libopencv_imgproc.so.406, needed by /opt/ros/jazzy/lib/libcv_bridge.so, may conflict with libopencv_imgproc.so.409
/usr/bin/ld: warning: libopencv_core.so.406, needed by /opt/ros/jazzy/lib/libcv_bridge.so, may conflict with libopencv_core.so.409
/usr/bin/ld: warning: libopencv_imgcodecs.so.406, needed by /opt/ros/jazzy/lib/libcv_bridge.so, may conflict with libopencv_imgcodecs.so.409
/usr/bin/ld: warning: libopencv_imgproc.so.406, needed by /opt/ros/jazzy/lib/libcv_bridge.so, may conflict with libopencv_imgproc.so.409
/usr/bin/ld: warning: libopencv_core.so.406, needed by /opt/ros/jazzy/lib/libcv_bridge.so, may conflict with libopencv_core.so.409
