[0.223s] DEBUG:colcon:Command line arguments: ['/usr/bin/colcon', 'build', '--packages-select', 'ar_track_alvar']
[0.223s] DEBUG:colcon:Parsed command line arguments: Namespace(log_base=None, log_level=None, verb_name='build', build_base='build', install_base='install', merge_install=False, symlink_install=False, test_result_base=None, continue_on_error=False, executor='parallel', parallel_workers=24, event_handlers=None, ignore_user_meta=False, metas=['./colcon.meta'], base_paths=['.'], packages_ignore=None, packages_ignore_regex=None, paths=None, packages_up_to=None, packages_up_to_regex=None, packages_above=None, packages_above_and_dependencies=None, packages_above_depth=None, packages_select_by_dep=None, packages_skip_by_dep=None, packages_skip_up_to=None, packages_select_build_failed=False, packages_skip_build_finished=False, packages_select_test_failures=False, packages_skip_test_passed=False, packages_select=['ar_track_alvar'], packages_skip=None, packages_select_regex=None, packages_skip_regex=None, packages_start=None, packages_end=None, allow_overriding=[], cmake_args=None, cmake_target=None, cmake_target_skip_unavailable=False, cmake_clean_cache=False, cmake_clean_first=False, cmake_force_configure=False, ament_cmake_args=None, catkin_cmake_args=None, catkin_skip_building_tests=False, mixin_files=None, mixin=None, verb_parser=<colcon_mixin.mixin.mixin_argument.MixinArgumentDecorator object at 0x7719b360fda0>, verb_extension=<colcon_core.verb.build.BuildVerb object at 0x7719b37584a0>, main=<bound method BuildVerb.main of <colcon_core.verb.build.BuildVerb object at 0x7719b37584a0>>, mixin_verb=('build',))
[0.284s] Level 1:colcon.colcon_core.package_discovery:discover_packages(colcon_meta) check parameters
[0.285s] Level 1:colcon.colcon_core.package_discovery:discover_packages(recursive) check parameters
[0.285s] Level 1:colcon.colcon_core.package_discovery:discover_packages(ignore) check parameters
[0.285s] Level 1:colcon.colcon_core.package_discovery:discover_packages(path) check parameters
[0.285s] Level 1:colcon.colcon_core.package_discovery:discover_packages(colcon_meta) discover
[0.285s] Level 1:colcon.colcon_core.package_discovery:discover_packages(recursive) discover
[0.285s] INFO:colcon.colcon_core.package_discovery:Crawling recursively for packages in '/home/hl/wheeltec/wheeltec_ws/ar_track/ar_track_alvar'
[0.285s] Level 1:colcon.colcon_core.package_identification:_identify(.) by extensions ['ignore', 'ignore_ament_install']
[0.285s] Level 1:colcon.colcon_core.package_identification:_identify(.) by extension 'ignore'
[0.285s] Level 1:colcon.colcon_core.package_identification:_identify(.) by extension 'ignore_ament_install'
[0.286s] Level 1:colcon.colcon_core.package_identification:_identify(.) by extensions ['colcon_pkg']
[0.286s] Level 1:colcon.colcon_core.package_identification:_identify(.) by extension 'colcon_pkg'
[0.286s] Level 1:colcon.colcon_core.package_identification:_identify(.) by extensions ['colcon_meta']
[0.286s] Level 1:colcon.colcon_core.package_identification:_identify(.) by extension 'colcon_meta'
[0.286s] Level 1:colcon.colcon_core.package_identification:_identify(.) by extensions ['ros']
[0.286s] Level 1:colcon.colcon_core.package_identification:_identify(.) by extension 'ros'
[0.329s] DEBUG:colcon.colcon_core.package_identification:Package '.' with type 'ros.ament_cmake' and name 'ar_track_alvar'
[0.329s] Level 1:colcon.colcon_core.package_discovery:discover_packages(recursive) using defaults
[0.329s] Level 1:colcon.colcon_core.package_discovery:discover_packages(ignore) discover
[0.329s] Level 1:colcon.colcon_core.package_discovery:discover_packages(ignore) using defaults
[0.329s] Level 1:colcon.colcon_core.package_discovery:discover_packages(path) discover
[0.329s] Level 1:colcon.colcon_core.package_discovery:discover_packages(path) using defaults
[0.356s] Level 1:colcon.colcon_core.package_discovery:discover_packages(prefix_path) check parameters
[0.357s] Level 1:colcon.colcon_core.package_discovery:discover_packages(prefix_path) discover
[0.362s] DEBUG:colcon.colcon_installed_package_information.package_discovery:Found 42 installed packages in /home/hl/wheeltec/wheeltec_ws/install
[0.363s] DEBUG:colcon.colcon_installed_package_information.package_discovery:Found 3 installed packages in /home/hl/trac_ik_ws/install
[0.367s] DEBUG:colcon.colcon_installed_package_information.package_discovery:Found 547 installed packages in /opt/ros/jazzy
[0.369s] Level 1:colcon.colcon_core.package_discovery:discover_packages(prefix_path) using defaults
[0.503s] Level 5:colcon.colcon_core.verb:set package 'ar_track_alvar' build argument 'cmake_args' from command line to 'None'
[0.503s] Level 5:colcon.colcon_core.verb:set package 'ar_track_alvar' build argument 'cmake_target' from command line to 'None'
[0.503s] Level 5:colcon.colcon_core.verb:set package 'ar_track_alvar' build argument 'cmake_target_skip_unavailable' from command line to 'False'
[0.503s] Level 5:colcon.colcon_core.verb:set package 'ar_track_alvar' build argument 'cmake_clean_cache' from command line to 'False'
[0.503s] Level 5:colcon.colcon_core.verb:set package 'ar_track_alvar' build argument 'cmake_clean_first' from command line to 'False'
[0.503s] Level 5:colcon.colcon_core.verb:set package 'ar_track_alvar' build argument 'cmake_force_configure' from command line to 'False'
[0.503s] Level 5:colcon.colcon_core.verb:set package 'ar_track_alvar' build argument 'ament_cmake_args' from command line to 'None'
[0.503s] Level 5:colcon.colcon_core.verb:set package 'ar_track_alvar' build argument 'catkin_cmake_args' from command line to 'None'
[0.503s] Level 5:colcon.colcon_core.verb:set package 'ar_track_alvar' build argument 'catkin_skip_building_tests' from command line to 'False'
[0.503s] DEBUG:colcon.colcon_core.verb:Building package 'ar_track_alvar' with the following arguments: {'ament_cmake_args': None, 'build_base': '/home/hl/wheeltec/wheeltec_ws/ar_track/ar_track_alvar/build/ar_track_alvar', 'catkin_cmake_args': None, 'catkin_skip_building_tests': False, 'cmake_args': None, 'cmake_clean_cache': False, 'cmake_clean_first': False, 'cmake_force_configure': False, 'cmake_target': None, 'cmake_target_skip_unavailable': False, 'install_base': '/home/hl/wheeltec/wheeltec_ws/ar_track/ar_track_alvar/install/ar_track_alvar', 'merge_install': False, 'path': '/home/hl/wheeltec/wheeltec_ws/ar_track/ar_track_alvar', 'symlink_install': False, 'test_result_base': None}
[0.504s] INFO:colcon.colcon_core.executor:Executing jobs using 'parallel' executor
[0.505s] DEBUG:colcon.colcon_parallel_executor.executor.parallel:run_until_complete
[0.505s] INFO:colcon.colcon_ros.task.ament_cmake.build:Building ROS package in '/home/hl/wheeltec/wheeltec_ws/ar_track/ar_track_alvar' with build type 'ament_cmake'
[0.505s] INFO:colcon.colcon_cmake.task.cmake.build:Building CMake package in '/home/hl/wheeltec/wheeltec_ws/ar_track/ar_track_alvar'
[0.508s] INFO:colcon.colcon_core.plugin_system:Skipping extension 'colcon_core.shell.bat': Not used on non-Windows systems
[0.508s] INFO:colcon.colcon_core.shell:Skip shell extension 'powershell' for command environment: Not usable outside of PowerShell
[0.508s] DEBUG:colcon.colcon_core.shell:Skip shell extension 'dsv' for command environment
[0.528s] DEBUG:colcon.colcon_core.event_handler.log_command:Invoking command in '/home/hl/wheeltec/wheeltec_ws/ar_track/ar_track_alvar/build/ar_track_alvar': CMAKE_PREFIX_PATH=${CMAKE_PREFIX_PATH}:/home/hl/wheeltec/wheeltec_ws/install/simple_follower_ros2:/home/hl/wheeltec/wheeltec_ws/install/tf2_tools:/home/hl/wheeltec/wheeltec_ws/install/quiz_status:/home/hl/wheeltec/wheeltec_ws/install/quiz_pi_con:/home/hl/wheeltec/wheeltec_ws/install/nav2_gazebo_spawner:/home/hl/wheeltec/wheeltec_ws/install/manual_drive:/home/hl/wheeltec/wheeltec_ws/install/laser_scan_reader:/home/hl/wheeltec/wheeltec_ws/install/kul_tabloo_launch:/home/hl/wheeltec/wheeltec_ws/install/keyboard_control_emer:/home/hl/wheeltec/wheeltec_ws/install/beamer:/home/hl/wheeltec/wheeltec_ws/install/wheeltec_robot_keyboard:/opt/ros/jazzy DEBUGINFOD_URLS=https://debuginfod.ubuntu.com PS1=\n(TraeAI-4) \w [$?] $ __trae_PS1=\n(TraeAI-4) \w [$?] $ /usr/bin/cmake --build /home/hl/wheeltec/wheeltec_ws/ar_track/ar_track_alvar/build/ar_track_alvar -- -j24 -l24
[38.178s] DEBUG:colcon.colcon_core.event_handler.log_command:Invoked command in '/home/hl/wheeltec/wheeltec_ws/ar_track/ar_track_alvar/build/ar_track_alvar' returned '2': CMAKE_PREFIX_PATH=${CMAKE_PREFIX_PATH}:/home/hl/wheeltec/wheeltec_ws/install/simple_follower_ros2:/home/hl/wheeltec/wheeltec_ws/install/tf2_tools:/home/hl/wheeltec/wheeltec_ws/install/quiz_status:/home/hl/wheeltec/wheeltec_ws/install/quiz_pi_con:/home/hl/wheeltec/wheeltec_ws/install/nav2_gazebo_spawner:/home/hl/wheeltec/wheeltec_ws/install/manual_drive:/home/hl/wheeltec/wheeltec_ws/install/laser_scan_reader:/home/hl/wheeltec/wheeltec_ws/install/kul_tabloo_launch:/home/hl/wheeltec/wheeltec_ws/install/keyboard_control_emer:/home/hl/wheeltec/wheeltec_ws/install/beamer:/home/hl/wheeltec/wheeltec_ws/install/wheeltec_robot_keyboard:/opt/ros/jazzy DEBUGINFOD_URLS=https://debuginfod.ubuntu.com PS1=\n(TraeAI-4) \w [$?] $ __trae_PS1=\n(TraeAI-4) \w [$?] $ /usr/bin/cmake --build /home/hl/wheeltec/wheeltec_ws/ar_track/ar_track_alvar/build/ar_track_alvar -- -j24 -l24
[38.178s] Level 1:colcon.colcon_core.environment:create_environment_scripts_only(ar_track_alvar)
[38.182s] Level 1:colcon.colcon_core.environment:checking '/home/hl/wheeltec/wheeltec_ws/ar_track/ar_track_alvar/install/ar_track_alvar' for CMake module files
[38.183s] Level 1:colcon.colcon_core.environment:checking '/home/hl/wheeltec/wheeltec_ws/ar_track/ar_track_alvar/install/ar_track_alvar' for CMake config files
[38.184s] Level 1:colcon.colcon_core.environment:checking '/home/hl/wheeltec/wheeltec_ws/ar_track/ar_track_alvar/install/ar_track_alvar/bin'
[38.184s] Level 1:colcon.colcon_core.environment:checking '/home/hl/wheeltec/wheeltec_ws/ar_track/ar_track_alvar/install/ar_track_alvar/lib/pkgconfig/ar_track_alvar.pc'
[38.184s] Level 1:colcon.colcon_core.environment:checking '/home/hl/wheeltec/wheeltec_ws/ar_track/ar_track_alvar/install/ar_track_alvar/lib/python3.12/site-packages'
[38.185s] Level 1:colcon.colcon_core.environment:checking '/home/hl/wheeltec/wheeltec_ws/ar_track/ar_track_alvar/install/ar_track_alvar/bin'
[38.185s] INFO:colcon.colcon_core.shell:Creating package script '/home/hl/wheeltec/wheeltec_ws/ar_track/ar_track_alvar/install/ar_track_alvar/share/ar_track_alvar/package.ps1'
[38.187s] INFO:colcon.colcon_core.shell:Creating package descriptor '/home/hl/wheeltec/wheeltec_ws/ar_track/ar_track_alvar/install/ar_track_alvar/share/ar_track_alvar/package.dsv'
[38.187s] INFO:colcon.colcon_core.shell:Creating package script '/home/hl/wheeltec/wheeltec_ws/ar_track/ar_track_alvar/install/ar_track_alvar/share/ar_track_alvar/package.sh'
[38.188s] INFO:colcon.colcon_core.shell:Creating package script '/home/hl/wheeltec/wheeltec_ws/ar_track/ar_track_alvar/install/ar_track_alvar/share/ar_track_alvar/package.bash'
[38.189s] INFO:colcon.colcon_core.shell:Creating package script '/home/hl/wheeltec/wheeltec_ws/ar_track/ar_track_alvar/install/ar_track_alvar/share/ar_track_alvar/package.zsh'
[38.190s] Level 1:colcon.colcon_core.environment:create_file_with_runtime_dependencies(/home/hl/wheeltec/wheeltec_ws/ar_track/ar_track_alvar/install/ar_track_alvar/share/colcon-core/packages/ar_track_alvar)
[38.201s] DEBUG:colcon.colcon_parallel_executor.executor.parallel:closing loop
[38.201s] DEBUG:colcon.colcon_parallel_executor.executor.parallel:loop closed
[38.201s] DEBUG:colcon.colcon_parallel_executor.executor.parallel:run_until_complete finished with '2'
[38.201s] DEBUG:colcon.colcon_core.event_reactor:joining thread
[38.210s] INFO:colcon.colcon_core.plugin_system:Skipping extension 'colcon_notification.desktop_notification.terminal_notifier': Not used on non-Darwin systems
[38.210s] INFO:colcon.colcon_core.plugin_system:Skipping extension 'colcon_notification.desktop_notification.win32': Not used on non-Windows systems
[38.210s] INFO:colcon.colcon_notification.desktop_notification:Sending desktop notification using 'notify2'
[38.242s] DEBUG:colcon.colcon_core.event_reactor:joined thread
[38.242s] INFO:colcon.colcon_core.shell:Creating prefix script '/home/hl/wheeltec/wheeltec_ws/ar_track/ar_track_alvar/install/local_setup.ps1'
[38.245s] INFO:colcon.colcon_core.shell:Creating prefix util module '/home/hl/wheeltec/wheeltec_ws/ar_track/ar_track_alvar/install/_local_setup_util_ps1.py'
[38.248s] INFO:colcon.colcon_core.shell:Creating prefix chain script '/home/hl/wheeltec/wheeltec_ws/ar_track/ar_track_alvar/install/setup.ps1'
[38.256s] INFO:colcon.colcon_core.shell:Creating prefix script '/home/hl/wheeltec/wheeltec_ws/ar_track/ar_track_alvar/install/local_setup.sh'
[38.257s] INFO:colcon.colcon_core.shell:Creating prefix util module '/home/hl/wheeltec/wheeltec_ws/ar_track/ar_track_alvar/install/_local_setup_util_sh.py'
[38.259s] INFO:colcon.colcon_core.shell:Creating prefix chain script '/home/hl/wheeltec/wheeltec_ws/ar_track/ar_track_alvar/install/setup.sh'
[38.266s] INFO:colcon.colcon_core.shell:Creating prefix script '/home/hl/wheeltec/wheeltec_ws/ar_track/ar_track_alvar/install/local_setup.bash'
[38.268s] INFO:colcon.colcon_core.shell:Creating prefix chain script '/home/hl/wheeltec/wheeltec_ws/ar_track/ar_track_alvar/install/setup.bash'
[38.275s] INFO:colcon.colcon_core.shell:Creating prefix script '/home/hl/wheeltec/wheeltec_ws/ar_track/ar_track_alvar/install/local_setup.zsh'
[38.276s] INFO:colcon.colcon_core.shell:Creating prefix chain script '/home/hl/wheeltec/wheeltec_ws/ar_track/ar_track_alvar/install/setup.zsh'
