[0.203s] DEBUG:colcon:Command line arguments: ['/usr/bin/colcon', 'build', '--packages-select', 'ar_track_alvar']
[0.203s] DEBUG:colcon:Parsed command line arguments: Namespace(log_base=None, log_level=None, verb_name='build', build_base='build', install_base='install', merge_install=False, symlink_install=False, test_result_base=None, continue_on_error=False, executor='parallel', parallel_workers=24, event_handlers=None, ignore_user_meta=False, metas=['./colcon.meta'], base_paths=['.'], packages_ignore=None, packages_ignore_regex=None, paths=None, packages_up_to=None, packages_up_to_regex=None, packages_above=None, packages_above_and_dependencies=None, packages_above_depth=None, packages_select_by_dep=None, packages_skip_by_dep=None, packages_skip_up_to=None, packages_select_build_failed=False, packages_skip_build_finished=False, packages_select_test_failures=False, packages_skip_test_passed=False, packages_select=['ar_track_alvar'], packages_skip=None, packages_select_regex=None, packages_skip_regex=None, packages_start=None, packages_end=None, allow_overriding=[], cmake_args=None, cmake_target=None, cmake_target_skip_unavailable=False, cmake_clean_cache=False, cmake_clean_first=False, cmake_force_configure=False, ament_cmake_args=None, catkin_cmake_args=None, catkin_skip_building_tests=False, mixin_files=None, mixin=None, verb_parser=<colcon_mixin.mixin.mixin_argument.MixinArgumentDecorator object at 0x7c9d1a5fdd30>, verb_extension=<colcon_core.verb.build.BuildVerb object at 0x7c9d1a5553a0>, main=<bound method BuildVerb.main of <colcon_core.verb.build.BuildVerb object at 0x7c9d1a5553a0>>, mixin_verb=('build',))
[0.256s] Level 1:colcon.colcon_core.package_discovery:discover_packages(colcon_meta) check parameters
[0.257s] Level 1:colcon.colcon_core.package_discovery:discover_packages(recursive) check parameters
[0.257s] Level 1:colcon.colcon_core.package_discovery:discover_packages(ignore) check parameters
[0.257s] Level 1:colcon.colcon_core.package_discovery:discover_packages(path) check parameters
[0.257s] Level 1:colcon.colcon_core.package_discovery:discover_packages(colcon_meta) discover
[0.257s] Level 1:colcon.colcon_core.package_discovery:discover_packages(recursive) discover
[0.257s] INFO:colcon.colcon_core.package_discovery:Crawling recursively for packages in '/home/hl/wheeltec/wheeltec_ws/ar_track/ar_track_alvar'
[0.257s] Level 1:colcon.colcon_core.package_identification:_identify(.) by extensions ['ignore', 'ignore_ament_install']
[0.257s] Level 1:colcon.colcon_core.package_identification:_identify(.) by extension 'ignore'
[0.257s] Level 1:colcon.colcon_core.package_identification:_identify(.) by extension 'ignore_ament_install'
[0.257s] Level 1:colcon.colcon_core.package_identification:_identify(.) by extensions ['colcon_pkg']
[0.257s] Level 1:colcon.colcon_core.package_identification:_identify(.) by extension 'colcon_pkg'
[0.257s] Level 1:colcon.colcon_core.package_identification:_identify(.) by extensions ['colcon_meta']
[0.257s] Level 1:colcon.colcon_core.package_identification:_identify(.) by extension 'colcon_meta'
[0.257s] Level 1:colcon.colcon_core.package_identification:_identify(.) by extensions ['ros']
[0.258s] Level 1:colcon.colcon_core.package_identification:_identify(.) by extension 'ros'
[0.296s] DEBUG:colcon.colcon_core.package_identification:Package '.' with type 'ros.ament_cmake' and name 'ar_track_alvar'
[0.296s] Level 1:colcon.colcon_core.package_discovery:discover_packages(recursive) using defaults
[0.296s] Level 1:colcon.colcon_core.package_discovery:discover_packages(ignore) discover
[0.296s] Level 1:colcon.colcon_core.package_discovery:discover_packages(ignore) using defaults
[0.296s] Level 1:colcon.colcon_core.package_discovery:discover_packages(path) discover
[0.296s] Level 1:colcon.colcon_core.package_discovery:discover_packages(path) using defaults
[0.321s] Level 1:colcon.colcon_core.package_discovery:discover_packages(prefix_path) check parameters
[0.321s] Level 1:colcon.colcon_core.package_discovery:discover_packages(prefix_path) discover
[0.326s] DEBUG:colcon.colcon_installed_package_information.package_discovery:Found 42 installed packages in /home/hl/wheeltec/wheeltec_ws/install
[0.327s] DEBUG:colcon.colcon_installed_package_information.package_discovery:Found 3 installed packages in /home/hl/trac_ik_ws/install
[0.330s] DEBUG:colcon.colcon_installed_package_information.package_discovery:Found 547 installed packages in /opt/ros/jazzy
[0.333s] Level 1:colcon.colcon_core.package_discovery:discover_packages(prefix_path) using defaults
[0.459s] Level 5:colcon.colcon_core.verb:set package 'ar_track_alvar' build argument 'cmake_args' from command line to 'None'
[0.460s] Level 5:colcon.colcon_core.verb:set package 'ar_track_alvar' build argument 'cmake_target' from command line to 'None'
[0.460s] Level 5:colcon.colcon_core.verb:set package 'ar_track_alvar' build argument 'cmake_target_skip_unavailable' from command line to 'False'
[0.460s] Level 5:colcon.colcon_core.verb:set package 'ar_track_alvar' build argument 'cmake_clean_cache' from command line to 'False'
[0.460s] Level 5:colcon.colcon_core.verb:set package 'ar_track_alvar' build argument 'cmake_clean_first' from command line to 'False'
[0.460s] Level 5:colcon.colcon_core.verb:set package 'ar_track_alvar' build argument 'cmake_force_configure' from command line to 'False'
[0.460s] Level 5:colcon.colcon_core.verb:set package 'ar_track_alvar' build argument 'ament_cmake_args' from command line to 'None'
[0.460s] Level 5:colcon.colcon_core.verb:set package 'ar_track_alvar' build argument 'catkin_cmake_args' from command line to 'None'
[0.460s] Level 5:colcon.colcon_core.verb:set package 'ar_track_alvar' build argument 'catkin_skip_building_tests' from command line to 'False'
[0.460s] DEBUG:colcon.colcon_core.verb:Building package 'ar_track_alvar' with the following arguments: {'ament_cmake_args': None, 'build_base': '/home/hl/wheeltec/wheeltec_ws/ar_track/ar_track_alvar/build/ar_track_alvar', 'catkin_cmake_args': None, 'catkin_skip_building_tests': False, 'cmake_args': None, 'cmake_clean_cache': False, 'cmake_clean_first': False, 'cmake_force_configure': False, 'cmake_target': None, 'cmake_target_skip_unavailable': False, 'install_base': '/home/hl/wheeltec/wheeltec_ws/ar_track/ar_track_alvar/install/ar_track_alvar', 'merge_install': False, 'path': '/home/hl/wheeltec/wheeltec_ws/ar_track/ar_track_alvar', 'symlink_install': False, 'test_result_base': None}
[0.460s] INFO:colcon.colcon_core.executor:Executing jobs using 'parallel' executor
[0.461s] DEBUG:colcon.colcon_parallel_executor.executor.parallel:run_until_complete
[0.461s] INFO:colcon.colcon_ros.task.ament_cmake.build:Building ROS package in '/home/hl/wheeltec/wheeltec_ws/ar_track/ar_track_alvar' with build type 'ament_cmake'
[0.462s] INFO:colcon.colcon_cmake.task.cmake.build:Building CMake package in '/home/hl/wheeltec/wheeltec_ws/ar_track/ar_track_alvar'
[0.464s] INFO:colcon.colcon_core.plugin_system:Skipping extension 'colcon_core.shell.bat': Not used on non-Windows systems
[0.464s] INFO:colcon.colcon_core.shell:Skip shell extension 'powershell' for command environment: Not usable outside of PowerShell
[0.464s] DEBUG:colcon.colcon_core.shell:Skip shell extension 'dsv' for command environment
[0.480s] DEBUG:colcon.colcon_core.event_handler.log_command:Invoking command in '/home/hl/wheeltec/wheeltec_ws/ar_track/ar_track_alvar/build/ar_track_alvar': CMAKE_PREFIX_PATH=${CMAKE_PREFIX_PATH}:/home/hl/wheeltec/wheeltec_ws/install/wheeltec_robot_keyboard:/opt/ros/jazzy DEBUGINFOD_URLS=https://debuginfod.ubuntu.com PS1=\n(TraeAI-4) \w [$?] $ __trae_PS1=\n(TraeAI-4) \w [$?] $ /usr/bin/cmake /home/hl/wheeltec/wheeltec_ws/ar_track/ar_track_alvar -DCMAKE_INSTALL_PREFIX=/home/hl/wheeltec/wheeltec_ws/ar_track/ar_track_alvar/install/ar_track_alvar
[9.416s] DEBUG:colcon.colcon_core.event_handler.log_command:Invoked command in '/home/hl/wheeltec/wheeltec_ws/ar_track/ar_track_alvar/build/ar_track_alvar' returned '1': CMAKE_PREFIX_PATH=${CMAKE_PREFIX_PATH}:/home/hl/wheeltec/wheeltec_ws/install/wheeltec_robot_keyboard:/opt/ros/jazzy DEBUGINFOD_URLS=https://debuginfod.ubuntu.com PS1=\n(TraeAI-4) \w [$?] $ __trae_PS1=\n(TraeAI-4) \w [$?] $ /usr/bin/cmake /home/hl/wheeltec/wheeltec_ws/ar_track/ar_track_alvar -DCMAKE_INSTALL_PREFIX=/home/hl/wheeltec/wheeltec_ws/ar_track/ar_track_alvar/install/ar_track_alvar
[9.441s] Level 1:colcon.colcon_core.environment:create_environment_scripts_only(ar_track_alvar)
[9.447s] Level 1:colcon.colcon_core.environment:checking '/home/hl/wheeltec/wheeltec_ws/ar_track/ar_track_alvar/install/ar_track_alvar' for CMake module files
[9.449s] Level 1:colcon.colcon_core.environment:checking '/home/hl/wheeltec/wheeltec_ws/ar_track/ar_track_alvar/install/ar_track_alvar' for CMake config files
[9.450s] Level 1:colcon.colcon_core.environment:checking '/home/hl/wheeltec/wheeltec_ws/ar_track/ar_track_alvar/install/ar_track_alvar/bin'
[9.450s] Level 1:colcon.colcon_core.environment:checking '/home/hl/wheeltec/wheeltec_ws/ar_track/ar_track_alvar/install/ar_track_alvar/lib/pkgconfig/ar_track_alvar.pc'
[9.451s] Level 1:colcon.colcon_core.environment:checking '/home/hl/wheeltec/wheeltec_ws/ar_track/ar_track_alvar/install/ar_track_alvar/lib/python3.12/site-packages'
[9.452s] Level 1:colcon.colcon_core.environment:checking '/home/hl/wheeltec/wheeltec_ws/ar_track/ar_track_alvar/install/ar_track_alvar/bin'
[9.452s] INFO:colcon.colcon_core.shell:Creating package script '/home/hl/wheeltec/wheeltec_ws/ar_track/ar_track_alvar/install/ar_track_alvar/share/ar_track_alvar/package.ps1'
[9.455s] INFO:colcon.colcon_core.shell:Creating package descriptor '/home/hl/wheeltec/wheeltec_ws/ar_track/ar_track_alvar/install/ar_track_alvar/share/ar_track_alvar/package.dsv'
[9.456s] INFO:colcon.colcon_core.shell:Creating package script '/home/hl/wheeltec/wheeltec_ws/ar_track/ar_track_alvar/install/ar_track_alvar/share/ar_track_alvar/package.sh'
[9.458s] INFO:colcon.colcon_core.shell:Creating package script '/home/hl/wheeltec/wheeltec_ws/ar_track/ar_track_alvar/install/ar_track_alvar/share/ar_track_alvar/package.bash'
[9.459s] INFO:colcon.colcon_core.shell:Creating package script '/home/hl/wheeltec/wheeltec_ws/ar_track/ar_track_alvar/install/ar_track_alvar/share/ar_track_alvar/package.zsh'
[9.461s] Level 1:colcon.colcon_core.environment:create_file_with_runtime_dependencies(/home/hl/wheeltec/wheeltec_ws/ar_track/ar_track_alvar/install/ar_track_alvar/share/colcon-core/packages/ar_track_alvar)
[9.472s] DEBUG:colcon.colcon_parallel_executor.executor.parallel:closing loop
[9.473s] DEBUG:colcon.colcon_parallel_executor.executor.parallel:loop closed
[9.473s] DEBUG:colcon.colcon_parallel_executor.executor.parallel:run_until_complete finished with '1'
[9.473s] DEBUG:colcon.colcon_core.event_reactor:joining thread
[9.486s] INFO:colcon.colcon_core.plugin_system:Skipping extension 'colcon_notification.desktop_notification.terminal_notifier': Not used on non-Darwin systems
[9.486s] INFO:colcon.colcon_core.plugin_system:Skipping extension 'colcon_notification.desktop_notification.win32': Not used on non-Windows systems
[9.487s] INFO:colcon.colcon_notification.desktop_notification:Sending desktop notification using 'notify2'
[9.514s] DEBUG:colcon.colcon_core.event_reactor:joined thread
[9.514s] INFO:colcon.colcon_core.shell:Creating prefix script '/home/hl/wheeltec/wheeltec_ws/ar_track/ar_track_alvar/install/local_setup.ps1'
[9.517s] INFO:colcon.colcon_core.shell:Creating prefix util module '/home/hl/wheeltec/wheeltec_ws/ar_track/ar_track_alvar/install/_local_setup_util_ps1.py'
[9.520s] INFO:colcon.colcon_core.shell:Creating prefix chain script '/home/hl/wheeltec/wheeltec_ws/ar_track/ar_track_alvar/install/setup.ps1'
[9.525s] INFO:colcon.colcon_core.shell:Creating prefix script '/home/hl/wheeltec/wheeltec_ws/ar_track/ar_track_alvar/install/local_setup.sh'
[9.527s] INFO:colcon.colcon_core.shell:Creating prefix util module '/home/hl/wheeltec/wheeltec_ws/ar_track/ar_track_alvar/install/_local_setup_util_sh.py'
[9.529s] INFO:colcon.colcon_core.shell:Creating prefix chain script '/home/hl/wheeltec/wheeltec_ws/ar_track/ar_track_alvar/install/setup.sh'
[9.534s] INFO:colcon.colcon_core.shell:Creating prefix script '/home/hl/wheeltec/wheeltec_ws/ar_track/ar_track_alvar/install/local_setup.bash'
[9.535s] INFO:colcon.colcon_core.shell:Creating prefix chain script '/home/hl/wheeltec/wheeltec_ws/ar_track/ar_track_alvar/install/setup.bash'
[9.540s] INFO:colcon.colcon_core.shell:Creating prefix script '/home/hl/wheeltec/wheeltec_ws/ar_track/ar_track_alvar/install/local_setup.zsh'
[9.542s] INFO:colcon.colcon_core.shell:Creating prefix chain script '/home/hl/wheeltec/wheeltec_ws/ar_track/ar_track_alvar/install/setup.zsh'
